[{"type": "Section", "children": [{"type": "MParagraph", "children": [{"type": "MText", "value": "This is just text."}]}], "title": null, "level": 0, "target": null}]