annotation_with_hex_addresses(x: '<foo 0x0000>' = None)
## Summary

No Docstrings
