example1(pos: 'int', only: 'None', /, var: 'Union', args=None, *, kwarg,
also=None, **kwargs)
## Summary

first example.
